........................................................................ [  2%]
........................................................................ [  5%]
........................................................................ [  7%]
........................................................................ [ 10%]
........................................................................ [ 12%]
........................................................................ [ 15%]
........................................................................ [ 18%]
........................................................................ [ 20%]
........................................................................ [ 23%]
........................................................................ [ 25%]
........................................................................ [ 28%]
........................................................................ [ 31%]
........................................................................ [ 33%]
........................................................................ [ 36%]
........................................................................ [ 38%]
........................................................................ [ 41%]
........................................................................ [ 44%]
........................................................................ [ 46%]
........................................................................ [ 49%]
........................................................................ [ 51%]
........................................................................ [ 54%]
..ss.................................................................... [ 56%]
........................................................................ [ 59%]
........................................................................ [ 62%]
........................................................................ [ 64%]
........................................................................ [ 67%]
........................................................................ [ 69%]
........................................................................ [ 72%]
........................................................................ [ 75%]
........................................................................ [ 77%]
........................................................................ [ 80%]
........................................................................ [ 82%]
........................................................................ [ 85%]
........................................................................ [ 88%]
........................................................................ [ 90%]
........................................................................ [ 93%]
........................................................................ [ 95%]
........................................................................ [ 98%]
............................................                             [100%]
=========================== short test summary info ============================
SKIPPED [1] ../../wt-perfcanon/kernel/tests/test_surface_flat_reduction.py:916: SURFACE_BACKEND_NOT_IMPLEMENTED: half_sphere
SKIPPED [1] ../../wt-perfcanon/kernel/tests/test_surface_flat_reduction.py:916: SURFACE_BACKEND_NOT_IMPLEMENTED: fold_near_smooth
2778 passed, 2 skipped in 1088.86s (0:18:08)
EXIT=0
8d5b4397b3b0f8e13eaaca843f716dab  -
